../Core/Src/main.c:76:5:main	8	static
../Core/Src/main.c:126:6:SystemClock_Config	88	static
../Core/Src/main.c:173:13:MX_ADC1_Init	56	static
../Core/Src/main.c:259:13:MX_LPUART1_UART_Init	8	static
../Core/Src/main.c:306:13:MX_TIM2_Init	40	static
../Core/Src/main.c:349:13:MX_DMA_Init	16	static
../Core/Src/main.c:368:13:MX_GPIO_Init	48	static
../Core/Src/main.c:405:6:HAL_TIM_PeriodElapsedCallback	16	static
../Core/Src/main.c:412:6:micros	56	static
../Core/Src/main.c:422:6:Error_Handler	4	static,ignoring_inline_asm
